afrique
albanie
algérie
allemagne
amérique
andorre
angleterre
anglo-normandes
antigua et barbuda
arabie saoudite
argentine
arménie
autriche
azerbadjan
bahreïn
barbade
belgique
bermudes
bhoutan
birmanie
bolivie
bosnie
brésil
bulgarie
bénin
cambodge
cameroun
centrafricaine
colombie
corée
croatie
danemark
dominique
espagne
estonie
fidji
gambie
grèce
guernesey
guinée
guinée équatoriale
guinée-bissau
guyane
guyane française
géorgie
hongrie
inde
indonésie
irlande
israël
italie
jamaïque
japon
kazakhie
kirghizie
koweït
libye
libéria
lithuanie
lituanie
macédoine
malaisie
malte
maurice
mauritanie
maurétanie
mexique
micronésie
moldavie
mongolie
normandes
norvège
nouvelle-calédonie
nouvelle-guinée
nouvelle-zélande
ouzbékistan
pologne
polynésie
polynésie française
pérou
rouanda
roumanie
république tchèque
sahara occidental
sao tomé et  principe
serbie et monténégro
singapour
slovaquie
slovénie
souaziland
soudan
suède
syrie
sénégal
tchècoslovaquie
thaïlande
tunisie
tunésie
turquie
viètnam
yougoslavie
zambie
égypte
équateur
états-unis
éthiopie
île norfolk
île de man
île de noël
île de pâque
île de wake
île de la réunion
îles ashmore et cartier
îles baker et howland
îles bouvet
îles caïmans
îles cocos
îles cook
îles féroé
îles heard et  mcdonald
îles malouines
îles marianne du nord
îles marshall
îles midway
îles pitcairn
îles salomon
îles spratly
îles vierges américaines
îles de la mer de  corail
îles françaises
